ARM Linker, RVCT4.0 [Build 524] for uVision [Evaluation]

==============================================================================

Section Cross References

    stm32f10x_vector.o(RESET) refers to stm32f10x_vector.o(STACK) for __initial_sp
    stm32f10x_vector.o(RESET) refers to stm32f10x_vector.o(.text) for Reset_Handler
    stm32f10x_vector.o(RESET) refers to stm32f10x_it.o(.text) for NMIException
    stm32f10x_vector.o(.text) refers to entry.o(.ARM.Collect$$$$00000000) for __main
    stm32f10x_adc.o(.text) refers to stm32f10x_rcc.o(.text) for RCC_APB2PeriphResetCmd
    stm32f10x_gpio.o(.text) refers to stm32f10x_rcc.o(.text) for RCC_APB2PeriphResetCmd
    stm32f10x_nvic.o(.text) refers to cortexm3_macro.o(.text) for __SETPRIMASK
    stm32f10x_rcc.o(.text) refers to stm32f10x_rcc.o(.data) for .data
    stm32f10x_rcc.o(.text) refers to stm32f10x_rcc.o(.constdata) for .constdata
    stm32f10x_usart.o(.text) refers to stm32f10x_rcc.o(.text) for RCC_APB2PeriphResetCmd
    stm32f10x_tim.o(.text) refers to stm32f10x_rcc.o(.text) for RCC_APB2PeriphResetCmd
    main.o(.text) refers to stm32f10x_usart.o(.text) for USART_Init
    main.o(.text) refers to stm32f10x_rcc.o(.text) for RCC_ADCCLKConfig
    main.o(.text) refers to stm32f10x_adc.o(.text) for ADC_Init
    main.o(.text) refers to stm32f10x_tim.o(.text) for TIM_TimeBaseInit
    main.o(.text) refers to stm32f10x_nvic.o(.text) for NVIC_SetVectorTable
    main.o(.text) refers to stm32f10x_gpio.o(.text) for GPIO_Init
    main.o(.text) refers to stm32f10x_flash.o(.text) for FLASH_SetLatency
    main.o(.text) refers to adc.o(.text) for __adc
    main.o(.text) refers to pid.o(.text) for __pid
    main.o(.text) refers to pwm.o(.text) for __pwm
    main.o(.text) refers to main.o(.data) for CCR3_Val
    adc.o(.text) refers to stm32f10x_adc.o(.text) for ADC_RegularChannelConfig
    adc.o(.text) refers to ffltui.o(.text) for __aeabi_ui2f
    pid.o(.text) refers to fadd.o(.text) for __aeabi_fsub
    pid.o(.text) refers to cfcmple.o(.text) for __aeabi_cfcmple
    pid.o(.text) refers to cfrcmple.o(.text) for __aeabi_cfrcmple
    pid.o(.text) refers to fmul.o(.text) for __aeabi_fmul
    pid.o(.text) refers to ffixi.o(.text) for __aeabi_f2iz
    pid.o(.text) refers to fdiv.o(.text) for __aeabi_fdiv
    pid.o(.text) refers to pid.o(.data) for .data
    pwm.o(.text) refers to stm32f10x_tim.o(.text) for TIM_OC1Init
    pwm.o(.text) refers to stm32f10x_gpio.o(.text) for GPIO_ResetBits
    pwm.o(.text) refers to pwm.o(.data) for .data
    entry.o(.ARM.Collect$$$$00000000) refers (Special) to entry7.o(.ARM.Collect$$$$00000007) for _main_init
    entry.o(.ARM.Collect$$$$00000000) refers (Special) to entry5.o(.ARM.Collect$$$$00000004) for _main_scatterload
    entry.o(.ARM.Collect$$$$00000000) refers (Special) to entry2.o(.ARM.Collect$$$$00000001) for _main_stk
    fadd.o(.text) refers (Special) to iusefp.o(.text) for __I$use$fp
    fadd.o(.text) refers to fepilogue.o(.text) for _float_epilogue
    fmul.o(.text) refers (Special) to iusefp.o(.text) for __I$use$fp
    fdiv.o(.text) refers (Special) to iusefp.o(.text) for __I$use$fp
    fdiv.o(.text) refers to fepilogue.o(.text) for _float_epilogue
    ffltui.o(.text) refers (Special) to iusefp.o(.text) for __I$use$fp
    ffltui.o(.text) refers to fepilogue.o(.text) for _float_epilogue
    ffixi.o(.text) refers (Special) to iusefp.o(.text) for __I$use$fp
    cfcmple.o(.text) refers (Special) to iusefp.o(.text) for __I$use$fp
    cfrcmple.o(.text) refers (Special) to iusefp.o(.text) for __I$use$fp
    entry2.o(.ARM.Collect$$$$00000001) refers to entry2.o(.ARM.Collect$$$$00002712) for __lit__00000000
    entry2.o(.ARM.Collect$$$$00002712) refers to stm32f10x_vector.o(STACK) for __initial_sp
    entry2.o(__vectab_stack_and_reset_area) refers to stm32f10x_vector.o(STACK) for __initial_sp
    entry2.o(__vectab_stack_and_reset_area) refers to entry.o(.ARM.Collect$$$$00000000) for __main
    entry5.o(.ARM.Collect$$$$00000004) refers to init.o(.text) for __scatterload
    entry7.o(.ARM.Collect$$$$00000007) refers to main.o(.text) for main
    init.o(.text) refers to entry5.o(.ARM.Collect$$$$00000004) for __main_after_scatterload


==============================================================================

Removing Unused input sections from the image.

    Removing stm32f10x_vector.o(HEAP), (1024 bytes).
    Removing adc.o(.data), (36 bytes).

2 unused section(s) (total 1060 bytes) removed from the image.

==============================================================================

Image Symbol Table

    Local Symbols

    Symbol Name                              Value     Ov Type        Size  Object(Section)

    ../../microlib/fpadd.c                   0x00000000   Number         0  fadd.o ABSOLUTE
    ../../microlib/fpdiv.c                   0x00000000   Number         0  fdiv.o ABSOLUTE
    ../../microlib/fpepilogue.c              0x00000000   Number         0  fepilogue.o ABSOLUTE
    ../../microlib/fpfix.c                   0x00000000   Number         0  ffixi.o ABSOLUTE
    ../../microlib/fpflt.c                   0x00000000   Number         0  ffltui.o ABSOLUTE
    ../../microlib/fpmul.c                   0x00000000   Number         0  fmul.o ABSOLUTE
    ../../microlib/init/entry.s              0x00000000   Number         0  entry.o ABSOLUTE
    ../../microlib/init/entry.s              0x00000000   Number         0  entry7.o ABSOLUTE
    ../../microlib/init/entry.s              0x00000000   Number         0  entry5.o ABSOLUTE
    ../../microlib/init/entry.s              0x00000000   Number         0  entry2.o ABSOLUTE
    ../../microlib/stubs.s                   0x00000000   Number         0  iusefp.o ABSOLUTE
    boot\cortexm3_macro.s                    0x00000000   Number         0  cortexm3_macro.o ABSOLUTE
    boot\stm32f10x_vector.s                  0x00000000   Number         0  stm32f10x_vector.o ABSOLUTE
    cfcmple.s                                0x00000000   Number         0  cfcmple.o ABSOLUTE
    cfrcmple.s                               0x00000000   Number         0  cfrcmple.o ABSOLUTE
    dc.s                                     0x00000000   Number         0  dc.o ABSOLUTE
    handlers.s                               0x00000000   Number         0  handlers.o ABSOLUTE
    init.s                                   0x00000000   Number         0  init.o ABSOLUTE
    interrupt\stm32f10x_it.c                 0x00000000   Number         0  stm32f10x_it.o ABSOLUTE
    library\src\stm32f10x_adc.c              0x00000000   Number         0  stm32f10x_adc.o ABSOLUTE
    library\src\stm32f10x_flash.c            0x00000000   Number         0  stm32f10x_flash.o ABSOLUTE
    library\src\stm32f10x_gpio.c             0x00000000   Number         0  stm32f10x_gpio.o ABSOLUTE
    library\src\stm32f10x_lib.c              0x00000000   Number         0  stm32f10x_lib.o ABSOLUTE
    library\src\stm32f10x_nvic.c             0x00000000   Number         0  stm32f10x_nvic.o ABSOLUTE
    library\src\stm32f10x_rcc.c              0x00000000   Number         0  stm32f10x_rcc.o ABSOLUTE
    library\src\stm32f10x_tim.c              0x00000000   Number         0  stm32f10x_tim.o ABSOLUTE
    library\src\stm32f10x_usart.c            0x00000000   Number         0  stm32f10x_usart.o ABSOLUTE
    src\adc.c                                0x00000000   Number         0  adc.o ABSOLUTE
    src\main.c                               0x00000000   Number         0  main.o ABSOLUTE
    src\pid.c                                0x00000000   Number         0  pid.o ABSOLUTE
    src\pwm.c                                0x00000000   Number         0  pwm.o ABSOLUTE
    RESET                                    0x08000000   Section      304  stm32f10x_vector.o(RESET)
    .ARM.Collect$$$$00000000                 0x08000130   Section        0  entry.o(.ARM.Collect$$$$00000000)
    .ARM.Collect$$$$00000001                 0x08000130   Section        4  entry2.o(.ARM.Collect$$$$00000001)
    .ARM.Collect$$$$00000004                 0x08000134   Section        4  entry5.o(.ARM.Collect$$$$00000004)
    .ARM.Collect$$$$00000007                 0x08000138   Section        8  entry7.o(.ARM.Collect$$$$00000007)
    .ARM.Collect$$$$00002712                 0x08000140   Section        4  entry2.o(.ARM.Collect$$$$00002712)
    __lit__00000000                          0x08000140   Data           4  entry2.o(.ARM.Collect$$$$00002712)
    .text                                    0x08000144   Section      122  cortexm3_macro.o(.text)
    .text                                    0x080001c0   Section        8  stm32f10x_vector.o(.text)
    .text                                    0x080001c8   Section     1058  stm32f10x_adc.o(.text)
    .text                                    0x080005ec   Section     1328  stm32f10x_flash.o(.text)
    delay                                    0x0800067b   Thumb Code    14  stm32f10x_flash.o(.text)
    .text                                    0x08000b1c   Section      796  stm32f10x_gpio.o(.text)
    .text                                    0x08000e38   Section     1004  stm32f10x_nvic.o(.text)
    .text                                    0x08001224   Section      928  stm32f10x_rcc.o(.text)
    .text                                    0x080015c4   Section      880  stm32f10x_usart.o(.text)
    .text                                    0x08001934   Section     2814  stm32f10x_tim.o(.text)
    TI4_Config                               0x08001c37   Thumb Code    66  stm32f10x_tim.o(.text)
    TI3_Config                               0x08001c8b   Thumb Code    60  stm32f10x_tim.o(.text)
    TI2_Config                               0x08001cdd   Thumb Code    80  stm32f10x_tim.o(.text)
    TI1_Config                               0x08001d3f   Thumb Code    50  stm32f10x_tim.o(.text)
    .text                                    0x08002434   Section      964  main.o(.text)
    .text                                    0x080027f8   Section      124  adc.o(.text)
    .text                                    0x08002874   Section      544  pid.o(.text)
    .text                                    0x08002a94   Section      340  pwm.o(.text)
    .text                                    0x08002be8   Section      146  stm32f10x_it.o(.text)
    .text                                    0x08002c7a   Section      168  fadd.o(.text)
    _float_addcore                           0x08002c7b   Thumb Code   122  fadd.o(.text)
    .text                                    0x08002d22   Section      102  fmul.o(.text)
    .text                                    0x08002d88   Section      108  fdiv.o(.text)
    .text                                    0x08002df4   Section       10  ffltui.o(.text)
    .text                                    0x08002dfe   Section       50  ffixi.o(.text)
    .text                                    0x08002e30   Section       20  cfcmple.o(.text)
    .text                                    0x08002e44   Section       20  cfrcmple.o(.text)
    .text                                    0x08002e58   Section       92  fepilogue.o(.text)
    .text                                    0x08002e58   Section        0  iusefp.o(.text)
    .text                                    0x08002eb4   Section       36  init.o(.text)
    i.__scatterload_copy                     0x08002ed8   Section       14  handlers.o(i.__scatterload_copy)
    i.__scatterload_null                     0x08002ee6   Section        2  handlers.o(i.__scatterload_null)
    i.__scatterload_zeroinit                 0x08002ee8   Section       14  handlers.o(i.__scatterload_zeroinit)
    .constdata                               0x08002ef6   Section       20  stm32f10x_rcc.o(.constdata)
    APBAHBPrescTable                         0x08002ef6   Data          16  stm32f10x_rcc.o(.constdata)
    ADCPrescTable                            0x08002f06   Data           4  stm32f10x_rcc.o(.constdata)
    .data                                    0x20000000   Section        5  stm32f10x_rcc.o(.data)
    StartUpCounter                           0x20000000   Data           4  stm32f10x_rcc.o(.data)
    HSEStatus                                0x20000004   Data           1  stm32f10x_rcc.o(.data)
    .data                                    0x20000008   Section       41  main.o(.data)
    locked                                   0x20000008   Data           4  main.o(.data)
    x_border                                 0x2000000c   Data           8  main.o(.data)
    y_border                                 0x20000014   Data           8  main.o(.data)
    targetxy                                 0x2000001c   Data           8  main.o(.data)
    p                                        0x20000028   Data           8  main.o(.data)
    .data                                    0x20000034   Section       36  pid.o(.data)
    locked                                   0x20000034   Data           4  pid.o(.data)
    x_border                                 0x20000038   Data           8  pid.o(.data)
    y_border                                 0x20000040   Data           8  pid.o(.data)
    targetxy                                 0x20000048   Data           8  pid.o(.data)
    p                                        0x20000050   Data           8  pid.o(.data)
    .data                                    0x20000058   Section       36  pwm.o(.data)
    locked                                   0x20000058   Data           4  pwm.o(.data)
    x_border                                 0x2000005c   Data           8  pwm.o(.data)
    y_border                                 0x20000064   Data           8  pwm.o(.data)
    targetxy                                 0x2000006c   Data           8  pwm.o(.data)
    p                                        0x20000074   Data           8  pwm.o(.data)
    STACK                                    0x20000080   Section     1024  stm32f10x_vector.o(STACK)

    Global Symbols

    Symbol Name                              Value     Ov Type        Size  Object(Section)

    BuildAttributes$$THM_ISAv4$P$D$K$B$S$PE$A:L22UL41UL21$X:L11$S22US41US21$IEEE1$IW$USESV6$~STKCKD$USESV7$~SHL$OSPACE$ROPI$EBA8$MICROLIB$REQ8$PRES8$EABIv2 0x00000000   Number         0  anon$$obj.o ABSOLUTE
    __ARM_use_no_argv                        0x00000000   Number         0  main.o ABSOLUTE
    __decompress                              - Undefined Weak Reference
    __Vectors                                0x08000000   Data           4  stm32f10x_vector.o(RESET)
    __main                                   0x08000131   Thumb Code     0  entry.o(.ARM.Collect$$$$00000000)
    _main_stk                                0x08000131   Thumb Code     0  entry2.o(.ARM.Collect$$$$00000001)
    _main_scatterload                        0x08000135   Thumb Code     0  entry5.o(.ARM.Collect$$$$00000004)
    __main_after_scatterload                 0x08000139   Thumb Code     0  entry5.o(.ARM.Collect$$$$00000004)
    _main_init                               0x08000139   Thumb Code     0  entry7.o(.ARM.Collect$$$$00000007)
    __WFI                                    0x08000145   Thumb Code     0  cortexm3_macro.o(.text)
    __WFE                                    0x08000149   Thumb Code     0  cortexm3_macro.o(.text)
    __SEV                                    0x0800014d   Thumb Code     0  cortexm3_macro.o(.text)
    __ISB                                    0x08000151   Thumb Code     0  cortexm3_macro.o(.text)
    __DSB                                    0x08000157   Thumb Code     0  cortexm3_macro.o(.text)
    __DMB                                    0x0800015d   Thumb Code     0  cortexm3_macro.o(.text)
    __SVC                                    0x08000163   Thumb Code     0  cortexm3_macro.o(.text)
    __MRS_CONTROL                            0x08000167   Thumb Code     0  cortexm3_macro.o(.text)
    __MSR_CONTROL                            0x0800016d   Thumb Code     0  cortexm3_macro.o(.text)
    __MRS_PSP                                0x08000177   Thumb Code     0  cortexm3_macro.o(.text)
    __MSR_PSP                                0x0800017d   Thumb Code     0  cortexm3_macro.o(.text)
    __MRS_MSP                                0x08000183   Thumb Code     0  cortexm3_macro.o(.text)
    __MSR_MSP                                0x08000189   Thumb Code     0  cortexm3_macro.o(.text)
    __RESETPRIMASK                           0x0800018f   Thumb Code     0  cortexm3_macro.o(.text)
    __SETPRIMASK                             0x08000193   Thumb Code     0  cortexm3_macro.o(.text)
    __READ_PRIMASK                           0x08000197   Thumb Code     0  cortexm3_macro.o(.text)
    __SETFAULTMASK                           0x0800019d   Thumb Code     0  cortexm3_macro.o(.text)
    __RESETFAULTMASK                         0x080001a1   Thumb Code     0  cortexm3_macro.o(.text)
    __READ_FAULTMASK                         0x080001a5   Thumb Code     0  cortexm3_macro.o(.text)
    __BASEPRICONFIG                          0x080001ab   Thumb Code     0  cortexm3_macro.o(.text)
    __GetBASEPRI                             0x080001b1   Thumb Code     0  cortexm3_macro.o(.text)
    __REV_HalfWord                           0x080001b7   Thumb Code     0  cortexm3_macro.o(.text)
    __REV_Word                               0x080001bb   Thumb Code     0  cortexm3_macro.o(.text)
    Reset_Handler                            0x080001c1   Thumb Code     4  stm32f10x_vector.o(.text)
    ADC_DeInit                               0x080001c9   Thumb Code    90  stm32f10x_adc.o(.text)
    ADC_Init                                 0x08000223   Thumb Code    68  stm32f10x_adc.o(.text)
    ADC_StructInit                           0x08000267   Thumb Code    18  stm32f10x_adc.o(.text)
    ADC_Cmd                                  0x08000279   Thumb Code    22  stm32f10x_adc.o(.text)
    ADC_DMACmd                               0x0800028f   Thumb Code    22  stm32f10x_adc.o(.text)
    ADC_ITConfig                             0x080002a5   Thumb Code    24  stm32f10x_adc.o(.text)
    ADC_ResetCalibration                     0x080002bd   Thumb Code    10  stm32f10x_adc.o(.text)
    ADC_GetResetCalibrationStatus            0x080002c7   Thumb Code    20  stm32f10x_adc.o(.text)
    ADC_StartCalibration                     0x080002db   Thumb Code    10  stm32f10x_adc.o(.text)
    ADC_GetCalibrationStatus                 0x080002e5   Thumb Code    20  stm32f10x_adc.o(.text)
    ADC_SoftwareStartConvCmd                 0x080002f9   Thumb Code    22  stm32f10x_adc.o(.text)
    ADC_GetSoftwareStartConvStatus           0x0800030f   Thumb Code    20  stm32f10x_adc.o(.text)
    ADC_DiscModeChannelCountConfig           0x08000323   Thumb Code    22  stm32f10x_adc.o(.text)
    ADC_DiscModeCmd                          0x08000339   Thumb Code    22  stm32f10x_adc.o(.text)
    ADC_RegularChannelConfig                 0x0800034f   Thumb Code   180  stm32f10x_adc.o(.text)
    ADC_ExternalTrigConvCmd                  0x08000403   Thumb Code    22  stm32f10x_adc.o(.text)
    ADC_GetConversionValue                   0x08000419   Thumb Code     8  stm32f10x_adc.o(.text)
    ADC_GetDualModeConversionValue           0x08000421   Thumb Code     6  stm32f10x_adc.o(.text)
    ADC_AutoInjectedConvCmd                  0x08000427   Thumb Code    22  stm32f10x_adc.o(.text)
    ADC_InjectedDiscModeCmd                  0x0800043d   Thumb Code    22  stm32f10x_adc.o(.text)
    ADC_ExternalTrigInjectedConvConfig       0x08000453   Thumb Code    14  stm32f10x_adc.o(.text)
    ADC_ExternalTrigInjectedConvCmd          0x08000461   Thumb Code    22  stm32f10x_adc.o(.text)
    ADC_SoftwareStartInjectedConvCmd         0x08000477   Thumb Code    22  stm32f10x_adc.o(.text)
    ADC_GetSoftwareStartInjectedConvCmdStatus 0x0800048d   Thumb Code    20  stm32f10x_adc.o(.text)
    ADC_InjectedChannelConfig                0x080004a1   Thumb Code   126  stm32f10x_adc.o(.text)
    ADC_InjectedSequencerLengthConfig        0x0800051f   Thumb Code    22  stm32f10x_adc.o(.text)
    ADC_SetInjectedOffset                    0x08000535   Thumb Code     4  stm32f10x_adc.o(.text)
    ADC_GetInjectedConversionValue           0x08000539   Thumb Code    10  stm32f10x_adc.o(.text)
    ADC_AnalogWatchdogCmd                    0x08000543   Thumb Code    14  stm32f10x_adc.o(.text)
    ADC_AnalogWatchdogThresholdsConfig       0x08000551   Thumb Code     6  stm32f10x_adc.o(.text)
    ADC_AnalogWatchdogSingleChannelConfig    0x08000557   Thumb Code    14  stm32f10x_adc.o(.text)
    ADC_TempSensorVrefintCmd                 0x08000565   Thumb Code    38  stm32f10x_adc.o(.text)
    ADC_GetFlagStatus                        0x0800058b   Thumb Code    18  stm32f10x_adc.o(.text)
    ADC_ClearFlag                            0x0800059d   Thumb Code     6  stm32f10x_adc.o(.text)
    ADC_GetITStatus                          0x080005a3   Thumb Code    62  stm32f10x_adc.o(.text)
    ADC_ClearITPendingBit                    0x080005e1   Thumb Code    10  stm32f10x_adc.o(.text)
    FLASH_SetLatency                         0x080005ed   Thumb Code    22  stm32f10x_flash.o(.text)
    FLASH_HalfCycleAccessCmd                 0x08000603   Thumb Code    22  stm32f10x_flash.o(.text)
    FLASH_PrefetchBufferCmd                  0x08000619   Thumb Code    22  stm32f10x_flash.o(.text)
    FLASH_Unlock                             0x0800062f   Thumb Code    12  stm32f10x_flash.o(.text)
    FLASH_Lock                               0x0800063b   Thumb Code    14  stm32f10x_flash.o(.text)
    FLASH_GetStatus                          0x08000649   Thumb Code    50  stm32f10x_flash.o(.text)
    FLASH_WaitForLastOperation               0x08000689   Thumb Code    42  stm32f10x_flash.o(.text)
    FLASH_ErasePage                          0x080006b3   Thumb Code    76  stm32f10x_flash.o(.text)
    FLASH_EraseAllPages                      0x080006ff   Thumb Code    72  stm32f10x_flash.o(.text)
    FLASH_EraseOptionBytes                   0x08000747   Thumb Code   142  stm32f10x_flash.o(.text)
    FLASH_ProgramWord                        0x080007d5   Thumb Code   100  stm32f10x_flash.o(.text)
    FLASH_ProgramHalfWord                    0x08000839   Thumb Code    64  stm32f10x_flash.o(.text)
    FLASH_ProgramOptionByteData              0x08000879   Thumb Code    72  stm32f10x_flash.o(.text)
    FLASH_EnableWriteProtection              0x080008c1   Thumb Code   188  stm32f10x_flash.o(.text)
    FLASH_ReadOutProtection                  0x0800097d   Thumb Code   178  stm32f10x_flash.o(.text)
    FLASH_UserOptionByteConfig               0x08000a2f   Thumb Code    94  stm32f10x_flash.o(.text)
    FLASH_GetUserOptionByte                  0x08000a8d   Thumb Code     8  stm32f10x_flash.o(.text)
    FLASH_GetWriteProtectionOptionByte       0x08000a95   Thumb Code     6  stm32f10x_flash.o(.text)
    FLASH_GetReadOutProtectionStatus         0x08000a9b   Thumb Code    20  stm32f10x_flash.o(.text)
    FLASH_GetPrefetchBufferStatus            0x08000aaf   Thumb Code    20  stm32f10x_flash.o(.text)
    FLASH_ITConfig                           0x08000ac3   Thumb Code    26  stm32f10x_flash.o(.text)
    FLASH_GetFlagStatus                      0x08000add   Thumb Code    42  stm32f10x_flash.o(.text)
    FLASH_ClearFlag                          0x08000b07   Thumb Code     6  stm32f10x_flash.o(.text)
    GPIO_DeInit                              0x08000b1d   Thumb Code   188  stm32f10x_gpio.o(.text)
    GPIO_AFIODeInit                          0x08000bd9   Thumb Code    20  stm32f10x_gpio.o(.text)
    GPIO_Init                                0x08000bed   Thumb Code   268  stm32f10x_gpio.o(.text)
    GPIO_StructInit                          0x08000cf9   Thumb Code    16  stm32f10x_gpio.o(.text)
    GPIO_ReadInputDataBit                    0x08000d09   Thumb Code    18  stm32f10x_gpio.o(.text)
    GPIO_ReadInputData                       0x08000d1b   Thumb Code     8  stm32f10x_gpio.o(.text)
    GPIO_ReadOutputDataBit                   0x08000d23   Thumb Code    18  stm32f10x_gpio.o(.text)
    GPIO_ReadOutputData                      0x08000d35   Thumb Code     8  stm32f10x_gpio.o(.text)
    GPIO_SetBits                             0x08000d3d   Thumb Code     4  stm32f10x_gpio.o(.text)
    GPIO_ResetBits                           0x08000d41   Thumb Code     4  stm32f10x_gpio.o(.text)
    GPIO_WriteBit                            0x08000d45   Thumb Code    10  stm32f10x_gpio.o(.text)
    GPIO_Write                               0x08000d4f   Thumb Code     4  stm32f10x_gpio.o(.text)
    GPIO_PinLockConfig                       0x08000d53   Thumb Code    18  stm32f10x_gpio.o(.text)
    GPIO_EventOutputConfig                   0x08000d65   Thumb Code    24  stm32f10x_gpio.o(.text)
    GPIO_EventOutputCmd                      0x08000d7d   Thumb Code     6  stm32f10x_gpio.o(.text)
    GPIO_PinRemapConfig                      0x08000d83   Thumb Code   104  stm32f10x_gpio.o(.text)
    GPIO_EXTILineConfig                      0x08000deb   Thumb Code    60  stm32f10x_gpio.o(.text)
    NVIC_DeInit                              0x08000e39   Thumb Code    54  stm32f10x_nvic.o(.text)
    NVIC_SCBDeInit                           0x08000e6f   Thumb Code    92  stm32f10x_nvic.o(.text)
    NVIC_PriorityGroupConfig                 0x08000ecb   Thumb Code    12  stm32f10x_nvic.o(.text)
    NVIC_Init                                0x08000ed7   Thumb Code   154  stm32f10x_nvic.o(.text)
    NVIC_StructInit                          0x08000f71   Thumb Code    12  stm32f10x_nvic.o(.text)
    NVIC_SETPRIMASK                          0x08000f7d   Thumb Code     8  stm32f10x_nvic.o(.text)
    NVIC_RESETPRIMASK                        0x08000f85   Thumb Code     8  stm32f10x_nvic.o(.text)
    NVIC_SETFAULTMASK                        0x08000f8d   Thumb Code     8  stm32f10x_nvic.o(.text)
    NVIC_RESETFAULTMASK                      0x08000f95   Thumb Code     8  stm32f10x_nvic.o(.text)
    NVIC_BASEPRICONFIG                       0x08000f9d   Thumb Code    12  stm32f10x_nvic.o(.text)
    NVIC_GetBASEPRI                          0x08000fa9   Thumb Code     8  stm32f10x_nvic.o(.text)
    NVIC_GetCurrentPendingIRQChannel         0x08000fb1   Thumb Code    10  stm32f10x_nvic.o(.text)
    NVIC_GetIRQChannelPendingBitStatus       0x08000fbb   Thumb Code    42  stm32f10x_nvic.o(.text)
    NVIC_SetIRQChannelPendingBit             0x08000fe5   Thumb Code     6  stm32f10x_nvic.o(.text)
    NVIC_ClearIRQChannelPendingBit           0x08000feb   Thumb Code    20  stm32f10x_nvic.o(.text)
    NVIC_GetCurrentActiveHandler             0x08000fff   Thumb Code    10  stm32f10x_nvic.o(.text)
    NVIC_GetIRQChannelActiveBitStatus        0x08001009   Thumb Code    42  stm32f10x_nvic.o(.text)
    NVIC_GetCPUID                            0x08001033   Thumb Code     8  stm32f10x_nvic.o(.text)
    NVIC_SetVectorTable                      0x0800103b   Thumb Code    14  stm32f10x_nvic.o(.text)
    NVIC_GenerateSystemReset                 0x08001049   Thumb Code    12  stm32f10x_nvic.o(.text)
    NVIC_GenerateCoreReset                   0x08001055   Thumb Code    12  stm32f10x_nvic.o(.text)
    NVIC_SystemLPConfig                      0x08001061   Thumb Code    38  stm32f10x_nvic.o(.text)
    NVIC_SystemHandlerConfig                 0x08001087   Thumb Code    52  stm32f10x_nvic.o(.text)
    NVIC_SystemHandlerPriorityConfig         0x080010bb   Thumb Code    98  stm32f10x_nvic.o(.text)
    NVIC_GetSystemHandlerPendingBitStatus    0x0800111d   Thumb Code    44  stm32f10x_nvic.o(.text)
    NVIC_SetSystemHandlerPendingBit          0x08001149   Thumb Code    26  stm32f10x_nvic.o(.text)
    NVIC_ClearSystemHandlerPendingBit        0x08001163   Thumb Code    30  stm32f10x_nvic.o(.text)
    NVIC_GetSystemHandlerActiveBitStatus     0x08001181   Thumb Code    42  stm32f10x_nvic.o(.text)
    NVIC_GetFaultHandlerSources              0x080011ab   Thumb Code    66  stm32f10x_nvic.o(.text)
    NVIC_GetFaultAddress                     0x080011ed   Thumb Code    28  stm32f10x_nvic.o(.text)
    RCC_DeInit                               0x08001225   Thumb Code    62  stm32f10x_rcc.o(.text)
    RCC_HSEConfig                            0x08001263   Thumb Code    70  stm32f10x_rcc.o(.text)
    RCC_GetFlagStatus                        0x080012a9   Thumb Code    56  stm32f10x_rcc.o(.text)
    RCC_WaitForHSEStartUp                    0x080012e1   Thumb Code    62  stm32f10x_rcc.o(.text)
    RCC_AdjustHSICalibrationValue            0x0800131f   Thumb Code    18  stm32f10x_rcc.o(.text)
    RCC_HSICmd                               0x08001331   Thumb Code     6  stm32f10x_rcc.o(.text)
    RCC_PLLConfig                            0x08001337   Thumb Code    22  stm32f10x_rcc.o(.text)
    RCC_PLLCmd                               0x0800134d   Thumb Code     6  stm32f10x_rcc.o(.text)
    RCC_SYSCLKConfig                         0x08001353   Thumb Code    16  stm32f10x_rcc.o(.text)
    RCC_GetSYSCLKSource                      0x08001363   Thumb Code    10  stm32f10x_rcc.o(.text)
    RCC_HCLKConfig                           0x0800136d   Thumb Code    16  stm32f10x_rcc.o(.text)
    RCC_PCLK1Config                          0x0800137d   Thumb Code    16  stm32f10x_rcc.o(.text)
    RCC_PCLK2Config                          0x0800138d   Thumb Code    18  stm32f10x_rcc.o(.text)
    RCC_ITConfig                             0x0800139f   Thumb Code    30  stm32f10x_rcc.o(.text)
    RCC_USBCLKConfig                         0x080013bd   Thumb Code     8  stm32f10x_rcc.o(.text)
    RCC_ADCCLKConfig                         0x080013c5   Thumb Code    16  stm32f10x_rcc.o(.text)
    RCC_LSEConfig                            0x080013d5   Thumb Code    50  stm32f10x_rcc.o(.text)
    RCC_LSICmd                               0x08001407   Thumb Code     6  stm32f10x_rcc.o(.text)
    RCC_RTCCLKConfig                         0x0800140d   Thumb Code    12  stm32f10x_rcc.o(.text)
    RCC_RTCCLKCmd                            0x08001419   Thumb Code     8  stm32f10x_rcc.o(.text)
    RCC_GetClocksFreq                        0x08001421   Thumb Code   194  stm32f10x_rcc.o(.text)
    RCC_AHBPeriphClockCmd                    0x080014e3   Thumb Code    26  stm32f10x_rcc.o(.text)
    RCC_APB2PeriphClockCmd                   0x080014fd   Thumb Code    26  stm32f10x_rcc.o(.text)
    RCC_APB1PeriphClockCmd                   0x08001517   Thumb Code    26  stm32f10x_rcc.o(.text)
    RCC_APB2PeriphResetCmd                   0x08001531   Thumb Code    26  stm32f10x_rcc.o(.text)
    RCC_APB1PeriphResetCmd                   0x0800154b   Thumb Code    26  stm32f10x_rcc.o(.text)
    RCC_BackupResetCmd                       0x08001565   Thumb Code     8  stm32f10x_rcc.o(.text)
    RCC_ClockSecuritySystemCmd               0x0800156d   Thumb Code     6  stm32f10x_rcc.o(.text)
    RCC_MCOConfig                            0x08001573   Thumb Code     6  stm32f10x_rcc.o(.text)
    RCC_ClearFlag                            0x08001579   Thumb Code    14  stm32f10x_rcc.o(.text)
    RCC_GetITStatus                          0x08001587   Thumb Code    20  stm32f10x_rcc.o(.text)
    RCC_ClearITPendingBit                    0x0800159b   Thumb Code     6  stm32f10x_rcc.o(.text)
    USART_DeInit                             0x080015c5   Thumb Code   146  stm32f10x_usart.o(.text)
    USART_Init                               0x08001657   Thumb Code   150  stm32f10x_usart.o(.text)
    USART_StructInit                         0x080016ed   Thumb Code    24  stm32f10x_usart.o(.text)
    USART_ClockInit                          0x08001705   Thumb Code    32  stm32f10x_usart.o(.text)
    USART_ClockStructInit                    0x08001725   Thumb Code    12  stm32f10x_usart.o(.text)
    USART_Cmd                                0x08001731   Thumb Code    24  stm32f10x_usart.o(.text)
    USART_ITConfig                           0x08001749   Thumb Code    62  stm32f10x_usart.o(.text)
    USART_DMACmd                             0x08001787   Thumb Code    24  stm32f10x_usart.o(.text)
    USART_SetAddress                         0x0800179f   Thumb Code    18  stm32f10x_usart.o(.text)
    USART_WakeUpConfig                       0x080017b1   Thumb Code    18  stm32f10x_usart.o(.text)
    USART_ReceiverWakeUpCmd                  0x080017c3   Thumb Code    24  stm32f10x_usart.o(.text)
    USART_LINBreakDetectLengthConfig         0x080017db   Thumb Code    18  stm32f10x_usart.o(.text)
    USART_LINCmd                             0x080017ed   Thumb Code    24  stm32f10x_usart.o(.text)
    USART_SendData                           0x08001805   Thumb Code     8  stm32f10x_usart.o(.text)
    USART_ReceiveData                        0x0800180d   Thumb Code    10  stm32f10x_usart.o(.text)
    USART_SendBreak                          0x08001817   Thumb Code    10  stm32f10x_usart.o(.text)
    USART_SetGuardTime                       0x08001821   Thumb Code    16  stm32f10x_usart.o(.text)
    USART_SetPrescaler                       0x08001831   Thumb Code    16  stm32f10x_usart.o(.text)
    USART_SmartCardCmd                       0x08001841   Thumb Code    24  stm32f10x_usart.o(.text)
    USART_SmartCardNACKCmd                   0x08001859   Thumb Code    24  stm32f10x_usart.o(.text)
    USART_HalfDuplexCmd                      0x08001871   Thumb Code    24  stm32f10x_usart.o(.text)
    USART_IrDAConfig                         0x08001889   Thumb Code    18  stm32f10x_usart.o(.text)
    USART_IrDACmd                            0x0800189b   Thumb Code    24  stm32f10x_usart.o(.text)
    USART_GetFlagStatus                      0x080018b3   Thumb Code    18  stm32f10x_usart.o(.text)
    USART_ClearFlag                          0x080018c5   Thumb Code     6  stm32f10x_usart.o(.text)
    USART_GetITStatus                        0x080018cb   Thumb Code    74  stm32f10x_usart.o(.text)
    USART_ClearITPendingBit                  0x08001915   Thumb Code    20  stm32f10x_usart.o(.text)
    TIM_DeInit                               0x08001935   Thumb Code   214  stm32f10x_tim.o(.text)
    TIM_TimeBaseInit                         0x08001a0b   Thumb Code    50  stm32f10x_tim.o(.text)
    TIM_OC1Init                              0x08001a3d   Thumb Code   110  stm32f10x_tim.o(.text)
    TIM_OC2Init                              0x08001aab   Thumb Code   140  stm32f10x_tim.o(.text)
    TIM_OC3Init                              0x08001b37   Thumb Code   136  stm32f10x_tim.o(.text)
    TIM_OC4Init                              0x08001bbf   Thumb Code    98  stm32f10x_tim.o(.text)
    TIM_SetIC4Prescaler                      0x08001c21   Thumb Code    22  stm32f10x_tim.o(.text)
    TIM_SetIC3Prescaler                      0x08001c79   Thumb Code    18  stm32f10x_tim.o(.text)
    TIM_SetIC2Prescaler                      0x08001cc7   Thumb Code    22  stm32f10x_tim.o(.text)
    TIM_SetIC1Prescaler                      0x08001d2d   Thumb Code    18  stm32f10x_tim.o(.text)
    TIM_ICInit                               0x08001d71   Thumb Code   110  stm32f10x_tim.o(.text)
    TIM_PWMIConfig                           0x08001ddf   Thumb Code   124  stm32f10x_tim.o(.text)
    TIM_BDTRConfig                           0x08001e5b   Thumb Code    32  stm32f10x_tim.o(.text)
    TIM_TimeBaseStructInit                   0x08001e7b   Thumb Code    18  stm32f10x_tim.o(.text)
    TIM_OCStructInit                         0x08001e8d   Thumb Code    20  stm32f10x_tim.o(.text)
    TIM_ICStructInit                         0x08001ea1   Thumb Code    18  stm32f10x_tim.o(.text)
    TIM_BDTRStructInit                       0x08001eb3   Thumb Code    18  stm32f10x_tim.o(.text)
    TIM_Cmd                                  0x08001ec5   Thumb Code    24  stm32f10x_tim.o(.text)
    TIM_CtrlPWMOutputs                       0x08001edd   Thumb Code    30  stm32f10x_tim.o(.text)
    TIM_ITConfig                             0x08001efb   Thumb Code    24  stm32f10x_tim.o(.text)
    TIM_GenerateEvent                        0x08001f13   Thumb Code     4  stm32f10x_tim.o(.text)
    TIM_DMAConfig                            0x08001f17   Thumb Code    10  stm32f10x_tim.o(.text)
    TIM_DMACmd                               0x08001f21   Thumb Code    24  stm32f10x_tim.o(.text)
    TIM_InternalClockConfig                  0x08001f39   Thumb Code    12  stm32f10x_tim.o(.text)
    TIM_SelectInputTrigger                   0x08001f45   Thumb Code    16  stm32f10x_tim.o(.text)
    TIM_ITRxExternalClockConfig              0x08001f55   Thumb Code    24  stm32f10x_tim.o(.text)
    TIM_TIxExternalClockConfig               0x08001f6d   Thumb Code    62  stm32f10x_tim.o(.text)
    TIM_ETRConfig                            0x08001fab   Thumb Code    24  stm32f10x_tim.o(.text)
    TIM_ETRClockMode1Config                  0x08001fc3   Thumb Code    54  stm32f10x_tim.o(.text)
    TIM_ETRClockMode2Config                  0x08001ff9   Thumb Code    32  stm32f10x_tim.o(.text)
    TIM_PrescalerConfig                      0x08002019   Thumb Code     6  stm32f10x_tim.o(.text)
    TIM_CounterModeConfig                    0x0800201f   Thumb Code    16  stm32f10x_tim.o(.text)
    TIM_EncoderInterfaceConfig               0x0800202f   Thumb Code    56  stm32f10x_tim.o(.text)
    TIM_ForcedOC1Config                      0x08002067   Thumb Code    16  stm32f10x_tim.o(.text)
    TIM_ForcedOC2Config                      0x08002077   Thumb Code    20  stm32f10x_tim.o(.text)
    TIM_ForcedOC3Config                      0x0800208b   Thumb Code    16  stm32f10x_tim.o(.text)
    TIM_ForcedOC4Config                      0x0800209b   Thumb Code    20  stm32f10x_tim.o(.text)
    TIM_ARRPreloadConfig                     0x080020af   Thumb Code    24  stm32f10x_tim.o(.text)
    TIM_SelectCOM                            0x080020c7   Thumb Code    24  stm32f10x_tim.o(.text)
    TIM_SelectCCDMA                          0x080020df   Thumb Code    24  stm32f10x_tim.o(.text)
    TIM_CCPreloadControl                     0x080020f7   Thumb Code    24  stm32f10x_tim.o(.text)
    TIM_OC1PreloadConfig                     0x0800210f   Thumb Code    16  stm32f10x_tim.o(.text)
    TIM_OC2PreloadConfig                     0x0800211f   Thumb Code    20  stm32f10x_tim.o(.text)
    TIM_OC3PreloadConfig                     0x08002133   Thumb Code    16  stm32f10x_tim.o(.text)
    TIM_OC4PreloadConfig                     0x08002143   Thumb Code    20  stm32f10x_tim.o(.text)
    TIM_OC1FastConfig                        0x08002157   Thumb Code    16  stm32f10x_tim.o(.text)
    TIM_OC2FastConfig                        0x08002167   Thumb Code    20  stm32f10x_tim.o(.text)
    TIM_OC3FastConfig                        0x0800217b   Thumb Code    16  stm32f10x_tim.o(.text)
    TIM_OC4FastConfig                        0x0800218b   Thumb Code    20  stm32f10x_tim.o(.text)
    TIM_ClearOC1Ref                          0x0800219f   Thumb Code    16  stm32f10x_tim.o(.text)
    TIM_ClearOC2Ref                          0x080021af   Thumb Code    18  stm32f10x_tim.o(.text)
    TIM_ClearOC3Ref                          0x080021c1   Thumb Code    16  stm32f10x_tim.o(.text)
    TIM_ClearOC4Ref                          0x080021d1   Thumb Code    18  stm32f10x_tim.o(.text)
    TIM_OC1PolarityConfig                    0x080021e3   Thumb Code    16  stm32f10x_tim.o(.text)
    TIM_OC1NPolarityConfig                   0x080021f3   Thumb Code    16  stm32f10x_tim.o(.text)
    TIM_OC2PolarityConfig                    0x08002203   Thumb Code    20  stm32f10x_tim.o(.text)
    TIM_OC2NPolarityConfig                   0x08002217   Thumb Code    20  stm32f10x_tim.o(.text)
    TIM_OC3PolarityConfig                    0x0800222b   Thumb Code    20  stm32f10x_tim.o(.text)
    TIM_OC3NPolarityConfig                   0x0800223f   Thumb Code    20  stm32f10x_tim.o(.text)
    TIM_OC4PolarityConfig                    0x08002253   Thumb Code    20  stm32f10x_tim.o(.text)
    TIM_CCxCmd                               0x08002267   Thumb Code    30  stm32f10x_tim.o(.text)
    TIM_CCxNCmd                              0x08002285   Thumb Code    30  stm32f10x_tim.o(.text)
    TIM_SelectOCxM                           0x080022a3   Thumb Code   114  stm32f10x_tim.o(.text)
    TIM_UpdateDisableConfig                  0x08002315   Thumb Code    24  stm32f10x_tim.o(.text)
    TIM_UpdateRequestConfig                  0x0800232d   Thumb Code    24  stm32f10x_tim.o(.text)
    TIM_SelectHallSensor                     0x08002345   Thumb Code    24  stm32f10x_tim.o(.text)
    TIM_SelectOnePulseMode                   0x0800235d   Thumb Code    18  stm32f10x_tim.o(.text)
    TIM_SelectOutputTrigger                  0x0800236f   Thumb Code    18  stm32f10x_tim.o(.text)
    TIM_SelectSlaveMode                      0x08002381   Thumb Code    18  stm32f10x_tim.o(.text)
    TIM_SelectMasterSlaveMode                0x08002393   Thumb Code    18  stm32f10x_tim.o(.text)
    TIM_SetCounter                           0x080023a5   Thumb Code     4  stm32f10x_tim.o(.text)
    TIM_SetAutoreload                        0x080023a9   Thumb Code     4  stm32f10x_tim.o(.text)
    TIM_SetCompare1                          0x080023ad   Thumb Code     4  stm32f10x_tim.o(.text)
    TIM_SetCompare2                          0x080023b1   Thumb Code     4  stm32f10x_tim.o(.text)
    TIM_SetCompare3                          0x080023b5   Thumb Code     4  stm32f10x_tim.o(.text)
    TIM_SetCompare4                          0x080023b9   Thumb Code     6  stm32f10x_tim.o(.text)
    TIM_SetClockDivision                     0x080023bf   Thumb Code    14  stm32f10x_tim.o(.text)
    TIM_GetCapture1                          0x080023cd   Thumb Code     6  stm32f10x_tim.o(.text)
    TIM_GetCapture2                          0x080023d3   Thumb Code     6  stm32f10x_tim.o(.text)
    TIM_GetCapture3                          0x080023d9   Thumb Code     6  stm32f10x_tim.o(.text)
    TIM_GetCapture4                          0x080023df   Thumb Code     8  stm32f10x_tim.o(.text)
    TIM_GetCounter                           0x080023e7   Thumb Code     6  stm32f10x_tim.o(.text)
    TIM_GetPrescaler                         0x080023ed   Thumb Code     6  stm32f10x_tim.o(.text)
    TIM_GetFlagStatus                        0x080023f3   Thumb Code    18  stm32f10x_tim.o(.text)
    TIM_ClearFlag                            0x08002405   Thumb Code     6  stm32f10x_tim.o(.text)
    TIM_GetITStatus                          0x0800240b   Thumb Code    34  stm32f10x_tim.o(.text)
    TIM_ClearITPendingBit                    0x0800242d   Thumb Code     6  stm32f10x_tim.o(.text)
    delay                                    0x08002435   Thumb Code    24  main.o(.text)
    USART_Configuration                      0x0800244d   Thumb Code    50  main.o(.text)
    ADC_Configuration                        0x0800247f   Thumb Code   104  main.o(.text)
    TIM_Configuration                        0x080024e7   Thumb Code   126  main.o(.text)
    EXIT_Configuration                       0x08002565   Thumb Code    26  main.o(.text)
    NVIC_Configuration                       0x0800257f   Thumb Code   140  main.o(.text)
    GPIO_Configuration                       0x0800260b   Thumb Code   214  main.o(.text)
    RCC_Configuration                        0x080026e1   Thumb Code   118  main.o(.text)
    init                                     0x08002757   Thumb Code    40  main.o(.text)
    main                                     0x0800277f   Thumb Code    52  main.o(.text)
    fputc                                    0x080027b3   Thumb Code    32  main.o(.text)
    Get_Adc                                  0x080027f9   Thumb Code    82  adc.o(.text)
    __adc                                    0x0800284b   Thumb Code    38  adc.o(.text)
    __pid                                    0x08002875   Thumb Code   512  pid.o(.text)
    ABS                                      0x08002a95   Thumb Code    14  pwm.o(.text)
    Tim3_Pwm_Py                              0x08002aa3   Thumb Code   116  pwm.o(.text)
    Tim3_Pwm_Px                              0x08002b17   Thumb Code   116  pwm.o(.text)
    __pwm                                    0x08002b8b   Thumb Code    82  pwm.o(.text)
    NMIException                             0x08002be9   Thumb Code     2  stm32f10x_it.o(.text)
    HardFaultException                       0x08002beb   Thumb Code     4  stm32f10x_it.o(.text)
    MemManageException                       0x08002bef   Thumb Code     4  stm32f10x_it.o(.text)
    BusFaultException                        0x08002bf3   Thumb Code     4  stm32f10x_it.o(.text)
    UsageFaultException                      0x08002bf7   Thumb Code     4  stm32f10x_it.o(.text)
    DebugMonitor                             0x08002bfb   Thumb Code     2  stm32f10x_it.o(.text)
    SVCHandler                               0x08002bfd   Thumb Code     2  stm32f10x_it.o(.text)
    PendSVC                                  0x08002bff   Thumb Code     2  stm32f10x_it.o(.text)
    SysTickHandler                           0x08002c01   Thumb Code     2  stm32f10x_it.o(.text)
    WWDG_IRQHandler                          0x08002c03   Thumb Code     2  stm32f10x_it.o(.text)
    PVD_IRQHandler                           0x08002c05   Thumb Code     2  stm32f10x_it.o(.text)
    TAMPER_IRQHandler                        0x08002c07   Thumb Code     2  stm32f10x_it.o(.text)
    RTC_IRQHandler                           0x08002c09   Thumb Code     2  stm32f10x_it.o(.text)
    FLASH_IRQHandler                         0x08002c0b   Thumb Code     2  stm32f10x_it.o(.text)
    RCC_IRQHandler                           0x08002c0d   Thumb Code     2  stm32f10x_it.o(.text)
    EXTI0_IRQHandler                         0x08002c0f   Thumb Code     2  stm32f10x_it.o(.text)
    EXTI1_IRQHandler                         0x08002c11   Thumb Code     2  stm32f10x_it.o(.text)
    EXTI2_IRQHandler                         0x08002c13   Thumb Code     2  stm32f10x_it.o(.text)
    EXTI3_IRQHandler                         0x08002c15   Thumb Code     2  stm32f10x_it.o(.text)
    EXTI4_IRQHandler                         0x08002c17   Thumb Code     2  stm32f10x_it.o(.text)
    DMA1_Channel1_IRQHandler                 0x08002c19   Thumb Code     2  stm32f10x_it.o(.text)
    DMA1_Channel2_IRQHandler                 0x08002c1b   Thumb Code     2  stm32f10x_it.o(.text)
    DMA1_Channel3_IRQHandler                 0x08002c1d   Thumb Code     2  stm32f10x_it.o(.text)
    DMA1_Channel4_IRQHandler                 0x08002c1f   Thumb Code     2  stm32f10x_it.o(.text)
    DMA1_Channel5_IRQHandler                 0x08002c21   Thumb Code     2  stm32f10x_it.o(.text)
    DMA1_Channel6_IRQHandler                 0x08002c23   Thumb Code     2  stm32f10x_it.o(.text)
    DMA1_Channel7_IRQHandler                 0x08002c25   Thumb Code     2  stm32f10x_it.o(.text)
    ADC1_2_IRQHandler                        0x08002c27   Thumb Code     2  stm32f10x_it.o(.text)
    USB_HP_CAN_TX_IRQHandler                 0x08002c29   Thumb Code     2  stm32f10x_it.o(.text)
    USB_LP_CAN_RX0_IRQHandler                0x08002c2b   Thumb Code     2  stm32f10x_it.o(.text)
    CAN_RX1_IRQHandler                       0x08002c2d   Thumb Code     2  stm32f10x_it.o(.text)
    CAN_SCE_IRQHandler                       0x08002c2f   Thumb Code     2  stm32f10x_it.o(.text)
    EXTI9_5_IRQHandler                       0x08002c31   Thumb Code     2  stm32f10x_it.o(.text)
    TIM1_BRK_IRQHandler                      0x08002c33   Thumb Code     2  stm32f10x_it.o(.text)
    TIM1_UP_IRQHandler                       0x08002c35   Thumb Code     2  stm32f10x_it.o(.text)
    TIM1_TRG_COM_IRQHandler                  0x08002c37   Thumb Code     2  stm32f10x_it.o(.text)
    TIM1_CC_IRQHandler                       0x08002c39   Thumb Code     2  stm32f10x_it.o(.text)
    TIM2_IRQHandler                          0x08002c3b   Thumb Code     2  stm32f10x_it.o(.text)
    TIM3_IRQHandler                          0x08002c3d   Thumb Code     2  stm32f10x_it.o(.text)
    TIM4_IRQHandler                          0x08002c3f   Thumb Code     2  stm32f10x_it.o(.text)
    I2C1_EV_IRQHandler                       0x08002c41   Thumb Code     2  stm32f10x_it.o(.text)
    I2C1_ER_IRQHandler                       0x08002c43   Thumb Code     2  stm32f10x_it.o(.text)
    I2C2_EV_IRQHandler                       0x08002c45   Thumb Code     2  stm32f10x_it.o(.text)
    I2C2_ER_IRQHandler                       0x08002c47   Thumb Code     2  stm32f10x_it.o(.text)
    SPI1_IRQHandler                          0x08002c49   Thumb Code     2  stm32f10x_it.o(.text)
    SPI2_IRQHandler                          0x08002c4b   Thumb Code     2  stm32f10x_it.o(.text)
    USART1_IRQHandler                        0x08002c4d   Thumb Code     2  stm32f10x_it.o(.text)
    USART2_IRQHandler                        0x08002c4f   Thumb Code     2  stm32f10x_it.o(.text)
    USART3_IRQHandler                        0x08002c51   Thumb Code     2  stm32f10x_it.o(.text)
    EXTI15_10_IRQHandler                     0x08002c53   Thumb Code     2  stm32f10x_it.o(.text)
    RTCAlarm_IRQHandler                      0x08002c55   Thumb Code     2  stm32f10x_it.o(.text)
    USBWakeUp_IRQHandler                     0x08002c57   Thumb Code     2  stm32f10x_it.o(.text)
    TIM8_BRK_IRQHandler                      0x08002c59   Thumb Code     2  stm32f10x_it.o(.text)
    TIM8_UP_IRQHandler                       0x08002c5b   Thumb Code     2  stm32f10x_it.o(.text)
    TIM8_TRG_COM_IRQHandler                  0x08002c5d   Thumb Code     2  stm32f10x_it.o(.text)
    TIM8_CC_IRQHandler                       0x08002c5f   Thumb Code     2  stm32f10x_it.o(.text)
    ADC3_IRQHandler                          0x08002c61   Thumb Code     2  stm32f10x_it.o(.text)
    FSMC_IRQHandler                          0x08002c63   Thumb Code     2  stm32f10x_it.o(.text)
    SDIO_IRQHandler                          0x08002c65   Thumb Code     2  stm32f10x_it.o(.text)
    TIM5_IRQHandler                          0x08002c67   Thumb Code     2  stm32f10x_it.o(.text)
    SPI3_IRQHandler                          0x08002c69   Thumb Code     2  stm32f10x_it.o(.text)
    UART4_IRQHandler                         0x08002c6b   Thumb Code     2  stm32f10x_it.o(.text)
    UART5_IRQHandler                         0x08002c6d   Thumb Code     2  stm32f10x_it.o(.text)
    TIM6_IRQHandler                          0x08002c6f   Thumb Code     2  stm32f10x_it.o(.text)
    TIM7_IRQHandler                          0x08002c71   Thumb Code     2  stm32f10x_it.o(.text)
    DMA2_Channel1_IRQHandler                 0x08002c73   Thumb Code     2  stm32f10x_it.o(.text)
    DMA2_Channel2_IRQHandler                 0x08002c75   Thumb Code     2  stm32f10x_it.o(.text)
    DMA2_Channel3_IRQHandler                 0x08002c77   Thumb Code     2  stm32f10x_it.o(.text)
    DMA2_Channel4_5_IRQHandler               0x08002c79   Thumb Code     2  stm32f10x_it.o(.text)
    __aeabi_fadd                             0x08002cf5   Thumb Code    14  fadd.o(.text)
    __aeabi_fsub                             0x08002d03   Thumb Code    14  fadd.o(.text)
    __aeabi_frsub                            0x08002d11   Thumb Code    18  fadd.o(.text)
    __aeabi_fmul                             0x08002d23   Thumb Code   102  fmul.o(.text)
    __aeabi_fdiv                             0x08002d89   Thumb Code   108  fdiv.o(.text)
    __aeabi_ui2f                             0x08002df5   Thumb Code    10  ffltui.o(.text)
    __aeabi_f2iz                             0x08002dff   Thumb Code    50  ffixi.o(.text)
    __aeabi_cfcmpeq                          0x08002e31   Thumb Code     0  cfcmple.o(.text)
    __aeabi_cfcmple                          0x08002e31   Thumb Code    20  cfcmple.o(.text)
    __aeabi_cfrcmple                         0x08002e45   Thumb Code    20  cfrcmple.o(.text)
    __I$use$fp                               0x08002e59   Thumb Code     0  iusefp.o(.text)
    _float_round                             0x08002e59   Thumb Code    18  fepilogue.o(.text)
    _float_epilogue                          0x08002e6b   Thumb Code    74  fepilogue.o(.text)
    __scatterload                            0x08002eb5   Thumb Code    28  init.o(.text)
    __scatterload_rt2                        0x08002eb5   Thumb Code     0  init.o(.text)
    __scatterload_copy                       0x08002ed9   Thumb Code    14  handlers.o(i.__scatterload_copy)
    __scatterload_null                       0x08002ee7   Thumb Code     2  handlers.o(i.__scatterload_null)
    __scatterload_zeroinit                   0x08002ee9   Thumb Code    14  handlers.o(i.__scatterload_zeroinit)
    Region$$Table$$Base                      0x08002f0c   Number         0  anon$$obj.o(Region$$Table)
    Region$$Table$$Limit                     0x08002f2c   Number         0  anon$$obj.o(Region$$Table)
    CCR3_Val                                 0x20000024   Data           2  main.o(.data)
    CCR4_Val                                 0x20000026   Data           2  main.o(.data)
    HSEStartUpStatus                         0x20000030   Data           1  main.o(.data)
    __initial_sp                             0x20000480   Data           0  stm32f10x_vector.o(STACK)



==============================================================================

Memory Map of the image

  Image Entry point : 0x08000131

  Load Region LR_IROM1 (Base: 0x08000000, Size: 0x00002fa8, Max: 0x00080000, ABSOLUTE)

    Execution Region ER_IROM1 (Base: 0x08000000, Size: 0x00002f2c, Max: 0x00080000, ABSOLUTE)

    Base Addr    Size         Type   Attr      Idx    E Section Name        Object

    0x08000000   0x00000130   Data   RO            8    RESET               stm32f10x_vector.o
    0x08000130   0x00000000   Code   RO          273  * .ARM.Collect$$$$00000000  entry.o(mc_w.l)
    0x08000130   0x00000004   Code   RO          290    .ARM.Collect$$$$00000001  entry2.o(mc_w.l)
    0x08000134   0x00000004   Code   RO          293    .ARM.Collect$$$$00000004  entry5.o(mc_w.l)
    0x08000138   0x00000008   Code   RO          294    .ARM.Collect$$$$00000007  entry7.o(mc_w.l)
    0x08000140   0x00000004   Code   RO          291    .ARM.Collect$$$$00002712  entry2.o(mc_w.l)
    0x08000144   0x0000007a   Code   RO            1    .text               cortexm3_macro.o
    0x080001be   0x00000002   PAD
    0x080001c0   0x00000008   Code   RO            9    .text               stm32f10x_vector.o
    0x080001c8   0x00000422   Code   RO           13    .text               stm32f10x_adc.o
    0x080005ea   0x00000002   PAD
    0x080005ec   0x00000530   Code   RO           44    .text               stm32f10x_flash.o
    0x08000b1c   0x0000031c   Code   RO           59    .text               stm32f10x_gpio.o
    0x08000e38   0x000003ec   Code   RO          143    .text               stm32f10x_nvic.o
    0x08001224   0x000003a0   Code   RO          155    .text               stm32f10x_rcc.o
    0x080015c4   0x00000370   Code   RO          170    .text               stm32f10x_usart.o
    0x08001934   0x00000afe   Code   RO          182    .text               stm32f10x_tim.o
    0x08002432   0x00000002   PAD
    0x08002434   0x000003c4   Code   RO          194    .text               main.o
    0x080027f8   0x0000007c   Code   RO          216    .text               adc.o
    0x08002874   0x00000220   Code   RO          230    .text               pid.o
    0x08002a94   0x00000154   Code   RO          244    .text               pwm.o
    0x08002be8   0x00000092   Code   RO          258    .text               stm32f10x_it.o
    0x08002c7a   0x000000a8   Code   RO          276    .text               fadd.o(mf_w.l)
    0x08002d22   0x00000066   Code   RO          278    .text               fmul.o(mf_w.l)
    0x08002d88   0x0000006c   Code   RO          280    .text               fdiv.o(mf_w.l)
    0x08002df4   0x0000000a   Code   RO          282    .text               ffltui.o(mf_w.l)
    0x08002dfe   0x00000032   Code   RO          284    .text               ffixi.o(mf_w.l)
    0x08002e30   0x00000014   Code   RO          286    .text               cfcmple.o(mf_w.l)
    0x08002e44   0x00000014   Code   RO          288    .text               cfrcmple.o(mf_w.l)
    0x08002e58   0x00000000   Code   RO          295    .text               iusefp.o(mc_w.l)
    0x08002e58   0x0000005c   Code   RO          296    .text               fepilogue.o(mf_w.l)
    0x08002eb4   0x00000024   Code   RO          298    .text               init.o(mc_w.l)
    0x08002ed8   0x0000000e   Code   RO          302    i.__scatterload_copy  handlers.o(mc_w.l)
    0x08002ee6   0x00000002   Code   RO          303    i.__scatterload_null  handlers.o(mc_w.l)
    0x08002ee8   0x0000000e   Code   RO          304    i.__scatterload_zeroinit  handlers.o(mc_w.l)
    0x08002ef6   0x00000014   Data   RO          156    .constdata          stm32f10x_rcc.o
    0x08002f0a   0x00000002   PAD
    0x08002f0c   0x00000020   Data   RO          300    Region$$Table       anon$$obj.o


    Execution Region RW_IRAM1 (Base: 0x20000000, Size: 0x00000480, Max: 0x00010000, ABSOLUTE)

    Base Addr    Size         Type   Attr      Idx    E Section Name        Object

    0x20000000   0x00000005   Data   RW          157    .data               stm32f10x_rcc.o
    0x20000005   0x00000003   PAD
    0x20000008   0x00000029   Data   RW          195    .data               main.o
    0x20000031   0x00000003   PAD
    0x20000034   0x00000024   Data   RW          231    .data               pid.o
    0x20000058   0x00000024   Data   RW          245    .data               pwm.o
    0x2000007c   0x00000004   PAD
    0x20000080   0x00000400   Zero   RW            6    STACK               stm32f10x_vector.o


==============================================================================

Image component sizes


      Code (inc. data)   RO Data    RW Data    ZI Data      Debug   Object Name

       124          4          0          0          0       1004   adc.o
       122          0          0          0          0        304   cortexm3_macro.o
       964         38          0         41          0       4724   main.o
       544         32          0         36          0       1040   pid.o
       340         12          0         36          0       1924   pwm.o
      1058         26          0          0          0      42841   stm32f10x_adc.o
      1328         38          0          0          0      11170   stm32f10x_flash.o
       796         18          0          0          0      11359   stm32f10x_gpio.o
       146          0          0          0          0       7332   stm32f10x_it.o
         0          0          0          0          0      37760   stm32f10x_lib.o
      1004         28          0          0          0       7056   stm32f10x_nvic.o
       928         36         20          5          0       8540   stm32f10x_rcc.o
      2814         16          0          0          0      23724   stm32f10x_tim.o
       880         12          0          0          0       7595   stm32f10x_usart.o
         8          4        304          0       1024        268   stm32f10x_vector.o

    ----------------------------------------------------------------------
     11062        264        358        124       1028     166641   Object Totals
         0          0         32          0          0          0   (incl. Generated)
         6          0          2          6          4          3   (incl. Padding)

    ----------------------------------------------------------------------

      Code (inc. data)   RO Data    RW Data    ZI Data      Debug   Library Member Name

        20          0          0          0          0         68   cfcmple.o
        20          0          0          0          0         68   cfrcmple.o
         0          0          0          0          0          0   entry.o
         8          4          0          0          0          0   entry2.o
         4          0          0          0          0          0   entry5.o
         8          4          0          0          0          0   entry7.o
       168          0          0          0          0        144   fadd.o
       108          0          0          0          0         96   fdiv.o
        92          0          0          0          0        152   fepilogue.o
        50          0          0          0          0         68   ffixi.o
        10          0          0          0          0         68   ffltui.o
       102          0          0          0          0         76   fmul.o
        30          0          0          0          0          0   handlers.o
        36          8          0          0          0         68   init.o
         0          0          0          0          0          0   iusefp.o

    ----------------------------------------------------------------------
       656         16          0          0          0        808   Library Totals
         0          0          0          0          0          0   (incl. Padding)

    ----------------------------------------------------------------------

      Code (inc. data)   RO Data    RW Data    ZI Data      Debug   Library Name

        86         16          0          0          0         68   mc_w.l
       570          0          0          0          0        740   mf_w.l

    ----------------------------------------------------------------------
       656         16          0          0          0        808   Library Totals

    ----------------------------------------------------------------------

==============================================================================


      Code (inc. data)   RO Data    RW Data    ZI Data      Debug   

     11718        280        358        124       1028     165752   Grand Totals
     11718        280        358        124       1028     165752   ELF Image Totals
     11718        280        358        124          0          0   ROM Totals

==============================================================================

    Total RO  Size (Code + RO Data)                12076 (  11.79kB)
    Total RW  Size (RW Data + ZI Data)              1152 (   1.13kB)
    Total ROM Size (Code + RO Data + RW Data)      12200 (  11.91kB)

==============================================================================

